// Jest Snapshot v1, https://goo.gl/fbAQLP

exports[`Authors.vue should match the snapshot 1`] = `
<div class="about">
  <h1>This is the Author's page</h1>
</div>
`;
